// Jest Snapshot v1, https://goo.gl/fbAQLP

exports[`Custom Reporters Integration on jest-circus valid failing assertion counts for adding reporters 1`] = `
"onTestCaseResult: adds fail, status: failed, numExpectations: 0
onTestFileResult testCaseResult 0: adds fail, status: failed, numExpectations: 0"
`;

exports[`Custom Reporters Integration on jest-circus valid passing assertion counts for adding reporters 1`] = `
"onTestCaseResult: adds ok, status: passed, numExpectations: 3
onTestFileResult testCaseResult 0: adds ok, status: passed, numExpectations: 3"
`;
